# MINESWEEPER-BOARD v0.1
# Render: ascii
# Source: inuput/1.png (16x30 expert, OBR: grid-fit + bevel/body + digit-color LUT)
# mines assumed 99 (expert standard); remaining_mines = 99 - 18 flags = 81

rows: 16
columns: 30
mines: 99
game_mode: classic

[view]
UUUUUUUUUUUUUU111UUUUUUUUUUUUU
UUUUUUUUUUU211F11U3UUUUUUUUUUU
UUUUUUUUUUU20112224UUUUUUUUUUU
UUUUUUUUUUU10113FU4UUUUUUUUUUU
UUUUUUUUUU3101F3FF3UUUUUUUUUUU
UUUUUUUUUU10011233324UUUUUUUUU
UUUUUUUUUU2100002F202UUUUUUUUU
UUUUUUUUUUU100003F523UUUUUUUUU
UUUUUUUUUU2100002FFF213UUUUUUU
UUUUUUUUUU1000013453203UUUUUUU
UUUUUUUUUU211001FF2F102UUUUUUU
UUUUUUUUUUUU10012232313UUUUUUU
UUUUUUUUUUUU1000112F2F2UUUUUUU
UUUUUUUUUUUU22101F21323UUUUUUU
UUUUUUUUUUUUUU1011102F2UUUUUUU
UUUUUUUUUUUUUU1000002FUUUUUUUU
