extra2

F = 旗帜
1,2,3,... = 数字
0 = 已打开的空白格
U = 未知/未翻开的格子

UUUUUUUUUUUUU2112F32F2F22222F1
UUUUUUUUUUUUU3F23F4F234F3FF211
UUUUUUUUUUUUUU22F3F322FF322100
UUUUUUUUUUUUUUFFFFFFF222111211
UUUUUUUUUUU222FF2F2F2100011F3F
UUUUUUUUUUUU11FFF1F22000011211
UUUUUUUUUUUUF11F101F1000000000
UUUUUUU33223321110112111111111
UUUU3UU4311F320111001F211F12F2
UU4FF23331112222F2101FFF221FF3
13F421233311232FFF1114F4F122F2
14F30011322132212122F4F4222233
2FF3110013111100112FFF22F113FF
2F32F221212110001F212111221122
1111232311232110112121101F1000
0000112111322310001F2F10111000

extra
012F2F1001F3FUUUUUUUUUUUUUU1UU
12F221101223F4UUUUUUUUUUUU2211
2F210001F222UUUUUUUUUUUUUF2000
F211110012F34UUUUUUUUFUU3UF300
2201F101122FFFUUU222F3212FF211
F1012211F22344UU3F12331012322F
11112F2334F21F22F211FF20001F21
001F323FF4F211122113F200113331
11212F23F31100001F2133311F3FF2
1F11221112222110112F2FF123F0F2
1222F21101FF2F3221212222233F43
02F423F2013443FF3F200113F322FF
02FF12F201FF2223F2113F4F201222
1333222101F3210011113434210000
F3F11F210111001110012F4F211100
F31112F10000001F1000113F21F100