# MINESWEEPER-BOARD v0.1
# Render: ascii
# Source: inuput/extra2.png (16x30 expert, OBR: suggestion-pipeline + variance-grid)
# mines assumed 99 (expert standard); remaining_mines = 99 - 24 flags = 75

rows: 16
columns: 30
mines: 99
game_mode: classic

[view]
00000000000002112032U2U22222U1
00000000000003U23UFU23F03UU211
0000000000000022U3U322UU3221UU
00000000000UUU333333U2221U1121
00000000000222UU2U2U21UUUU1U2U
000000000000113331322UUUUU1121
000000000UU0311U1U1U1UUUUUUUUU
0000U00UU22U02111U11211U111111
00U03UUF3113U2U111UU1U211U1202
UUFUU23031112222U21U1303221303
1303212U3F112F2U3U111404F1U2F2
1F03UU113221F2212122FFF222U2FF
20F3112U1F1111UU112U3F22F1U1FF
2U32F2212121111U1U212111221122
11112U2U112F211U1121211U1F1UUU
000011211102201000102010111000
